  submitted. Include screening answers only when DOSSIER.md supports them. Do not send or submit anything.           
                                                                                                                     
  Return only a short completion status and report path. Do not use maestri ask to report back. Do not edit any      
  ledger or Maestri note.                                                                                            

⏺ I will read the required files, then write the tailored CV, message, and report.

  Read 1 file, ran 3 shell commands 

⏺ The base CV is what remains. I will read it directly.

  Thought for 37s, ran 1 shell command 

⏺ Files read. Now I write the tailored .tex, build it, and run the extraction checks.

  Thought for 6s, ran 1 shell command 

⏺ Two pages. I check what spilled onto page 2 and the layout extraction.

  Ran 1 shell command 

⏺ Only Education overflowed. I tighten the header line spacing slightly and rebuild.
 
  Read 1 file, ran 1 shell command 

⏺ One page, all blocks intact. Now the message and the report.

  Ran 1 shell command 

⏺ Complete. AHU Technologies application written: one-page English CV (tex + PDF), application email draft, and
  report. Build passed, extraction verified, zero Ruby or Rails tokens. Six required tokens have no dossier support
  and were not added: Next.js, HTML, CSS, Node 18, design patterns, front-end pipelines.

  Report: /Users/lucasqueiroz/career/state/ahu-senior-full-stack-quill.report.md

✻ Baked for 2m 47s · done 1:14 PM

─────────────────────────────────────────────────────────────────────────────────────────────────────────────────────
❯ 
─────────────────────────────────────────────────────────────────────────────────────────────────────────────────────
  Fable 5.1 · lucasqueiroz · ctx 12% · cache 96% · [█░░░░░░░░░] 120.9k/1.0M · effort medium                     /rc
  ⏵⏵ bypass permissions on (shift+tab to cycle) · ← 10 agents
