
⏺ Only the Formação block spills to page 2. I trim the Summary and tighten role spacing, then rebuild.

  Thought for 13s, read 1 file, ran 2 shell commands 

⏺ Page one is full to the bottom margin and Formação needs about four lines. I make the text area slightly taller and
  reduce the header spacing, then rebuild and re-render.

  Thought for 20s, read 1 file, ran 2 shell commands 

⏺ Two lines short. I reduce section spacing and trim one Summary clause.
 
  Thought for 22s, read 1 file, ran 2 shell commands 

⏺ One line remains on page two. I trim two Summary phrases and rebuild.

  Thought for 13s, read 1 file, ran 2 shell commands 
 
⏺ The build fits one page and every check passes. I move Vitest and Jest to the practices line to lower the testes
  count, rebuild, then write the message and report.

  Read 1 file, ran 1 shell command 

⏺ Layout is clean, one page, no clipping. Now the application message and the report.
 
  Read 1 file 

⏺ Complete. Tailored PT CV built, one page, all roles, bullets, and metrics preserved. Zero Ruby, Rails, or
  UNVERIFIED tokens. Application message written. Nothing submitted, no base or ledger edited.
     
  Unsupported required tokens, reported and not added: Nest.js, docker-compose, Agile, Scrum, Kanban, code review.
  Thin-basis placements flagged for review: Git, prompt engineering.

  Report: /Users/lucasqueiroz/career/state/maxxi-full-stack-senior-quill.report.md

✻ Cogitated for 5m 56s · done 1:00 PM

─────────────────────────────────────────────────────────────────────────────────────────────────────────────────────
❯ 
─────────────────────────────────────────────────────────────────────────────────────────────────────────────────────
  Fable 5.1 · lucasqueiroz · ctx 14% · cache 96% · [█░░░░░░░░░] 135.4k/1.0M · effort medium                     /rc
  ⏵⏵ bypass permissions on (shift+tab to cycle) · ← 10 agents
