
  Thought for 3s, ran 1 shell command 

⏺ Build passed with 2 pages. Checking what spills to page 2 and inspecting the PDF.

  Thought for 24s, ran 1 shell command 

⏺ Only the Formação block spills to page 2. I will tighten wording without removing content and rebuild.

  Thought for 18s, ran 2 shell commands 

⏺ Page 1 is about three lines over the base. Tightening a few two-line bullets whose second line is short, keeping
  every fact.
 
  Thought for 14s, ran 2 shell commands 
 
⏺ One page now. Running final verification: raw and layout extraction, Ruby/Rails grep, token counts, and a visual
  inspection of the PDF.

  Thought for 7s, ran 1 shell command 

⏺ Two fixes: React appears 4 times, over the cap of 3. I will change the Summary, then rebuild and inspect the image.

  Thought for 2s, read 1 file, ran 1 shell command 

⏺ PDF renders correctly on one page. Writing the application email and the report now.

  Ran 1 shell command 

⏺ Complete. Tailored Portuguese CV built on one page, email written, nothing sent.

  Report: /Users/lucasqueiroz/career/state/mindshaker-react-pleno-quill.report.md

  Escalation: React Query or SWR, Testing Library, and GraphQL have no dossier support and were not placed.

✻ Worked for 4m 46s · done 1:25 PM

─────────────────────────────────────────────────────────────────────────────────────────────────────────────────────
❯ 
─────────────────────────────────────────────────────────────────────────────────────────────────────────────────────
  Fable 5.1 · lucasqueiroz · ctx 12% · cache 96% · [█░░░░░░░░░] 123.1k/1.0M · effort medium                     /rc
  ⏵⏵ bypass permissions on (shift+tab to cycle) · ← 10 agents
Quill completed the draft. See state/mindshaker-react-pleno-quill.report.md.
The tailored Portuguese CV is one page. Nothing was sent.
