
  Thought for 28s, ran 3 shell commands 

⏺ I have the sources. I will check the rubric note on the header macro, then write the tailored file.
  
  Thought for 8s, ran 2 shell commands 

⏺ Now I write the tailored .tex, build it, and extract text.
  
  Thought for 5s, ran 1 shell command 

⏺ Two pages. I will check what spills to page 2 and tighten the header.
 
  Ran 2 shell commands 

⏺ One page now. I will inspect the PDF visually and check token counts.
 
  Thought for 6s, ran 1 shell command 

⏺ React appears 4 times, over the cap. I will revert the Lippaus mobile bullet to the base wording, rebuild, and view
  the page.

  Read 1 file, ran 1 shell command 

⏺ The PDF is clean and one page. Now the DM and the report.

  Read 1 file 

⏺ Complete. One-page English CV built and verified, DM drafted, nothing sent.
     
  Escalation: the must-have token Svelte has no dossier support and is absent from the CV. AWS Lambda (nice-to-have)
  is also unsupported. Gate 2 required placement will not fully pass.

  Report: /Users/lucasqueiroz/career/state/paola-senior-frontend-svelte-quill.report.md

✻ Churned for 2m 29s · done 1:18 PM

─────────────────────────────────────────────────────────────────────────────────────────────────────────────────────
❯ 
─────────────────────────────────────────────────────────────────────────────────────────────────────────────────────
  Fable 5.1 · lucasqueiroz · ctx 11% · cache 97% · [█░░░░░░░░░] 106.6k/1.0M · effort medium                     /rc
  ⏵⏵ bypass permissions on (shift+tab to cycle) · ← 10 agents
