  bullet. Restore the supported requirements-analysis bullet in XYZ form. Reorder the high-value DexCare bullets.    
  Restore the role-boundary spacing and verify the raw extraction.                                                   
                                                                                                                     
  Do not add Next.js, CMS, content modeling, PHP, or technical documentation claims. Those facts remain open for     
  Lucas. Do not add any unsupported term, metric, or experience. Keep the exact LinkedIn identity facts and all      
  project rules.                                                                                                     
                                                                                                                     
  Rebuild the PDF. Verify one page, raw and layout extraction, required blocks, exact dates, and zero Ruby or Rails  
  tokens. Update the draft report. Write the complete fix result to the task report.                                 
                                                                                                                     
  Do not spawn subagents. Do not send Maestri messages. Return only: DONE                                            
  state/ciandt-senior-web-software-engineer-quill-fix1.report.md. If blocked, return only: BLOCKED <reason>.         

  Thought for 3s  

⏺ I will read the project rules, the dossier, the posting, and the Sieve report first.
  
  Thought for 4s, ran 6 shell commands 

⏺ I have read all inputs. Now I look at the tractian macro block and the current raw extraction, then I apply the
  seven fixes.
 
  Thought for 28s, ran 2 shell commands 

⏺ Build is done, one page, nine blank lines. Now I verify the extraction, tokens, dates, and Ruby/Rails absence, and
  I render the page to check the layout visually.

  Thought for 5s, read 1 file, ran 1 shell command 

⏺ The page renders cleanly. Now I update the draft report and write the task report.

  Ran 2 shell commands 

⏺ DONE state/ciandt-senior-web-software-engineer-quill-fix1.report.md

✻ Sautéed for 2m 13s · done 11:18 AM

─────────────────────────────────────────────────────────────────────────────────────────────────────────────────────
❯ 
─────────────────────────────────────────────────────────────────────────────────────────────────────────────────────
  Fable 5.1 · lucasqueiroz · ctx 10% · cache 99% · [█░░░░░░░░░] 96.2k/1.0M · effort medium                      /rc
  ⏵⏵ bypass permissions on (shift+tab to cycle) · ← 10 agents
