  trading, or strong Golang depth. Lucas has not confirmed these facts in DOSSIER.md. Do not add any unsupported     
  term, metric, or experience.                                                                                       
                                                                                                                     
  Rebuild the PDF. Verify one page, raw and layout extraction, required blocks, exact dates, and zero Ruby or Rails  
  tokens. Update the draft report. Write the complete fix result to the task report.                                 
                                                                                                                     
  Do not spawn subagents. Do not send Maestri messages. Return only: DONE                                            
  state/jobgether-senior-fullstack-trading-api-quill-fix1.report.md. If blocked, return only: BLOCKED <reason>.      

  Thought for 2s 

⏺ I will read the spec files, the posting, the Sieve report, and the current tex, then apply fixes 1, 4, and 5.

  Thought for 10s, ran 4 shell commands 

⏺ Files read. Applying fixes 1, 4, and 5 to the tex source, then rebuilding.

  Ran 1 shell command 

⏺ Edits applied. Rebuilding the PDF and running verification.
  
  Thought for 3s, ran 1 shell command 

⏺ Build succeeded, one page, all checks pass. Rendering the page for a visual check, and writing the draft report
  update and the task report.
 
  Read 1 file, ran 1 shell command 
  ⎿  1 skill available

⏺ Visual check clean. Writing the task report.
  
  Ran 1 shell command 

⏺ DONE state/jobgether-senior-fullstack-trading-api-quill-fix1.report.md

✻ Worked for 1m 15s · done 11:31 AM
                                                
─────────────────────────────────────────────────────────────────────────────────────────────────────────────────────
❯ 
─────────────────────────────────────────────────────────────────────────────────────────────────────────────────────
  Fable 5.1 · lucasqueiroz · ctx 9% · cache 97% · [░░░░░░░░░░] 92.4k/1.0M · effort medium                       /rc
  ⏵⏵ bypass permissions on (shift+tab to cycle) · ← 10 agents
