  client communication, or AWS SQS. Lucas has not confirmed these facts in DOSSIER.md. Do not add any unsupported    
  term, metric, or experience.                                                                                       
                                                                                                                     
  Rebuild the PDF. Verify one page, raw and layout extraction, required blocks, exact dates, and zero Ruby or Rails  
  tokens. Update the draft report. Write the complete fix result to the task report.                                 
                                                                                                                     
  Do not spawn subagents. Do not send Maestri messages. Return only: DONE                                            
  state/noemi-sandrini-integrations-backend-engineer-quill-fix1.report.md. If blocked, return only: BLOCKED          
  <reason>.                                                                                                          

  Thought for 2s 

⏺ I will read the required files, apply the Tier A fixes, rebuild, verify, and write the reports.

  Ran 2 shell commands 

⏺ The dossier output was truncated in the middle. I need the truncated section, plus the posting, the sieve report,
  the tex, and the draft.

  Thought for 53s, ran 5 shell commands 

⏺ I have all inputs. Now I write the edits with a Python script, then build and verify.
 
  Ran 1 shell command 

⏺ Build passed with one page. Now I check the raw extraction, term counts, dates, and forbidden tokens.

  Thought for 3s, read 1 file, ran 1 shell command 

⏺ Render is clean, one page, no clipping. Now I update the draft report and write the task report.

  Ran 2 shell commands 

⏺ DONE state/noemi-sandrini-integrations-backend-engineer-quill-fix1.report.md

✻ Baked for 2m 21s · done 11:25 AM
                                                
─────────────────────────────────────────────────────────────────────────────────────────────────────────────────────
❯ 
─────────────────────────────────────────────────────────────────────────────────────────────────────────────────────
  Fable 5.1 · lucasqueiroz · ctx 10% · cache 99% · [█░░░░░░░░░] 97.3k/1.0M · effort medium                      /rc
  ⏵⏵ bypass permissions on (shift+tab to cycle) · ← 10 agents
