  - /Users/lucasqueiroz/career/resumes/hunts/2026-09-04/tractian-senior-backend-engineer/Lucas-Queiroz-Resume-en.tex 
  - /Users/lucasqueiroz/career/resumes/hunts/2026-09-04/tractian-senior-backend-engineer/Lucas-Queiroz-Resume-en.pdf 
  - /Users/lucasqueiroz/career/reports/tractian-senior-backend-engineer-draft.md                                     
  - /Users/lucasqueiroz/career/state/tractian-senior-backend-engineer-quill-fix1.report.md                           
                                                                                                                     
  Apply only supported fixes 1, 2, 3, 5, 6, and 7 from the Sieve report. Correct the DexCare and Luizalabs dates.    
  Place DynamoDB in one supported DexCare Experience bullet. Reduce React and multi-tenant to the term cap. Place    
  AWS in one supported Experience bullet or remove it from non-experience fields. Improve the role spacing only if   
  the PDF stays on one page and extraction remains correct.                                                          
                                                                                                                     
  Do not add a Portuguese proficiency. Lucas has not supplied the exact level. Do not add any unsupported term,      
  metric, or experience. Keep the exact LinkedIn identity facts and all project rules.                               
                                                                                                                     
  Rebuild the PDF. Verify one page, raw and layout extraction, required blocks, exact dates, and zero Ruby or Rails  
  tokens. Update the draft report. Write the complete fix result to the task report.                                 
                                                                                                                     
  Do not spawn subagents. Do not send Maestri messages. Return only: DONE                                            
  state/tractian-senior-backend-engineer-quill-fix1.report.md. If blocked, return only: BLOCKED <reason>.            

  Thought for 4s 

⏺ I will read the required files, then apply the fix list.

  Thought for 29s, ran 3 shell commands 

⏺ Edits planned. I will apply them with a script, then rebuild and verify.

  Thought for 5s, ran 1 shell command 

⏺ Build is one page and extraction is correct. Now I update the draft report and write the task report.

  Ran 1 shell command 
     
⏺ DONE state/tractian-senior-backend-engineer-quill-fix1.report.md

✻ Sautéed for 1m 30s · done 11:22 AM

─────────────────────────────────────────────────────────────────────────────────────────────────────────────────────
❯ 
─────────────────────────────────────────────────────────────────────────────────────────────────────────────────────
  Fable 5.1 · lucasqueiroz · ctx 9% · cache 96% · [░░░░░░░░░░] 91.0k/1.0M · effort medium                       /rc
  ⏵⏵ bypass permissions on (shift+tab to cycle) · ← 10 agents
