  Apply only supported fixes 3 through 8 from the Sieve report. Place the posting's front-end term in the Summary    
  and a supported DexCare bullet without changing any LinkedIn title. Place API-driven state management in Skills    
  and one supported Experience bullet. Reduce workflow or workflows to three occurrences. Remove the filler testing  
  token. Add supported invoicing to Skills. Keep every claim and metric traceable to DOSSIER.md.                     
                                                                                                                     
  Do not add Redux, Redux Toolkit, React Router, or any other unsupported posting term. Lucas has not confirmed      
  these facts. Do not put GMT+4 or any overlap statement on the CV.                                                  
                                                                                                                     
  Rebuild the PDF. Verify one page, raw and layout extraction, required blocks, exact dates, and zero Ruby or Rails  
  tokens. Update the draft report. Write the complete fix result to the task report.                                 
                                                                                                                     
  Do not spawn subagents. Do not send Maestri messages. Return only: DONE                                            
  state/truss-senior-frontend-web-developer-quill-fix1.report.md. If blocked, return only: BLOCKED <reason>.         

  Thought for 3s 

⏺ I will read the required files, then apply fixes 3 through 8.
  
  Thought for 17s, ran 4 shell commands 

⏺ Edits planned. Applying them now with a script.

  Thought for 12s, ran 1 shell command 

⏺ The phrase state management wraps across a line in the raw extraction. I will bind it with a non-breaking space and
  rebuild.

  Ran 1 shell command 

⏺ Build verified. Now I update the draft report and write the task report.

  Ran 1 shell command 
     
⏺ DONE state/truss-senior-frontend-web-developer-quill-fix1.report.md

✻ Churned for 1m 30s · done 11:40 AM
                                                
─────────────────────────────────────────────────────────────────────────────────────────────────────────────────────
❯ 
─────────────────────────────────────────────────────────────────────────────────────────────────────────────────────
  Fable 5.1 · lucasqueiroz · ctx 9% · cache 96% · [░░░░░░░░░░] 87.8k/1.0M · effort medium                       /rc
  ⏵⏵ bypass permissions on (shift+tab to cycle) · ← 10 agents
