
  
  Ran 1 shell command 

⏺ Report path: /Users/lucasqueiroz/career/state/hunt-2026-09-04-g-base-sieve.report.md
  Sentinel: /Users/lucasqueiroz/career/state/hunt-2026-09-04-g-base-sieve.complete.json, status complete, verified.
  
  Verdict: READY for the base round. Both bases pass all 8 File Readability checks on the raw extraction.
  
  What I verified:
  - Both .tex files are byte-identical to the approved preview. A scratch rebuild with tectonic produced raw text
    identical to the shipped PDFs.
  - Glyphs: 0 NUL bytes, 0 ?, 0 ligature code points. workflow and office extract intact in both files.
  - Contact block in body text, canonical section headers in both languages, 4 role blocks with company, title,
    dates, location on consecutive lines. Page break falls between the two Lippaus roles with the header and bullets
    intact on page 2.
  - Titles and dates for all 4 roles match the LinkedIn identity cache verbatim. Education matches DOSSIER.md
    LinkedIn ground truth. The cache does not contain the Education section, so that check used the dossier.
  - 16 bullets in each file, 7 / 4 / 3 / 2 per role, all past-tense, subject omitted. Metrics 15, 25, 7, 33, 20, 18,
    26 percent, each traced to the dossier.
  - 0 Ruby or Rails tokens, 0 UTC or overlap statements, every stack token at or below 3 appearances.
 
  Recruiter Readability Score: 98/100 for EN and for PT. Two points off on 3.3 because bullets D4 and E2 state no
  outcome. The dossier records these as "leave as is".

  Non-blocking observations in the report, for Lucas or the Architect:
  1. PT Summary has para uma empresa dos EUA. EN Summary has no equivalent clause. Not a clear match for the dossier
     ban, but a parity difference.
  2. PT prints Present in the DexCare date line. This matches LinkedIn, per rule 1.
  3. Page 2 carries only the Entry-level role and Education. One page was not tested and must not come from removing
     content.

  Not done: no Role Eligibility Check and no Resume Evidence Check, because there is no posting. No CV edit, no
  delegation, no portal use.

✻ Worked for 3m 51s · done 6:17 PM

─────────────────────────────────────────────────────────────────────────────────────────────────────────────────────
❯ 
─────────────────────────────────────────────────────────────────────────────────────────────────────────────────────
  Fable 5.1 · lucasqueiroz · ctx 12% · cache 94% · [█░░░░░░░░░] 123.2k/1.0M · effort high                       /rc
  ⏵⏵ auto mode on (shift+tab to cycle) · ← 10 agents
