  concise while keeping the core achievement about building event-driven TypeScript backend services.                
                                                                                                                     
  For the Luiza bullets, I'm shortening the first one to just "e-commerce" instead of "e-commerce operation" to save 
  space, and revising the second bullet about SEFAZ communication to try to fit the throughput and reliability       
  improvements onto fewer lines.                                                                                     
                                                                                                                     
  For Luiza 4, I'm trimming "through ArgoCD" to "via ArgoCD" to save characters, though I still need to shave more   
  from the CI/CD gating phrase—maybe restructuring the sentence to keep GCP mentioned since it's a documented skill. 
                                                                                                                     
  Meanwhile I'm reconsidering the page margins directly: instead of trying to save characters through word swaps, I  
  could just adjust textheight and top/bottom margins slightly to give more room, since fullpage's default 1in       
  margins are leaving extra space I could reclaim.                                                                   
                                                                                                                     
  
⏺ Only Education spills to page 2. I will shorten a few wrapped bullets without changing facts and rebuild.

  Ran 1 shell command 

⏺ One page now. I will run the extraction checks, the Ruby/Rails grep, the title and date diff, and the token counts.

  Thought for 3s, ran 1 shell command 

⏺ Checks pass. I will render a PNG for a clipping check, write the application message, update the README row, and
  write the report.

  Read 1 file, ran 2 shell commands 

⏺ Rendered page is clean. I will write the report.

  Read 1 file 
     
⏺ Done. Package written, PDF built at one page, all checks passed, README row set to review.
  
  Report: /Users/lucasqueiroz/career/state/kake-senior-fullstack-engineer-react-golang-quill.report.md
     
✻ Brewed for 3m 26s · done 3:16 PM

─────────────────────────────────────────────────────────────────────────────────────────────────────────────────────
❯ 
─────────────────────────────────────────────────────────────────────────────────────────────────────────────────────
  Fable 5.1 · lucasqueiroz · ctx 11% · cache 97% · [█░░░░░░░░░] 111.9k/1.0M · effort medium                     /rc
  ⏵⏵ bypass permissions on (shift+tab to cycle) · ← 10 agents
