

  Ran 1 shell command 

⏺ Build is clean. Now the checks: page break location, token counts, Ruby/Rails, ligatures, then the note.

  Thought for 6s, ran 2 shell commands 

⏺ Now the report and the sentinel.

  Ran 1 shell command 

⏺ Report path: /Users/lucasqueiroz/career/state/maxxi-fullstack-senior-quill.report.md
  
  Done. Sentinel written and verified at state/maxxi-fullstack-senior-quill.complete.json, task-id
  maxxi-fullstack-senior-quill.

  Deliverables:
  - resumes/hunts/2026-09-04-g/maxxi-fullstack-senior/Lucas-Queiroz-Resume-pt.tex and .pdf
  - resumes/hunts/2026-09-04-g/maxxi-fullstack-senior/application-note.md

  Result summary:
  - Base preamble and layout copied unchanged from the corrected base-pt.tex. 11 exact-string edits, each matched
    once.
  - 16 of 16 bullets, all 7 metrics, all LinkedIn titles, dates and the degree preserved. Two pages. No block splits
    at the page break.
  - All 13 required tokens are in Habilidades and in one Experience bullet. Preferred tokens with dossier support are
    placed. Nine preferred tokens with no dossier fact are not placed and are listed in the note as not claimed.
  - Zero Ruby, Rails, UTC, GMT, Brasil, or code-review tokens. Ligatures verified off.
  - Note uses intent wording. No submission claimed. Notice period, PJ rate, and temporary or on-demand availability
    are marked as unknown for Lucas to answer.
  
  Judgment calls flagged in the report: React Native raises the React word count to 5, standalone React stays at 3.
  Agile, Scrum, Kanban, docker-compose and Git are posting-derived placements not named in the dossier.

✻ Baked for 2m 58s · done 6:21 PM

─────────────────────────────────────────────────────────────────────────────────────────────────────────────────────
❯ 
─────────────────────────────────────────────────────────────────────────────────────────────────────────────────────
  Fable 5.1 · lucasqueiroz · ctx 13% · cache 97% · [█░░░░░░░░░] 125.4k/1.0M · effort medium                     /rc
  ⏵⏵ bypass permissions on (shift+tab to cycle) · ← 10 agents
