  │        Check         │                                        Result                                         │
  ├──────────────────────┼───────────────────────────────────────────────────────────────────────────────────────┤
  │ File Readability     │ 8/8 PASS, on my own raw extraction                                                    │
  ├──────────────────────┼───────────────────────────────────────────────────────────────────────────────────────┤
  │ Role Eligibility     │ No FAIL row. PJ PASS, remote Brazil PASS, years/English/degree not stated             │
  ├──────────────────────┼───────────────────────────────────────────────────────────────────────────────────────┤
  │ Resume Evidence      │ 84/100, PASS. All 13 required tokens in Skills and Experience. 7 of 16 preferred      │
  │                      │ placed                                                                                │
  ├──────────────────────┼───────────────────────────────────────────────────────────────────────────────────────┤
  │ Recruiter            │ 89/100                                                                                │
  │ Readability          │                                                                                       │
  └──────────────────────┴───────────────────────────────────────────────────────────────────────────────────────┘

  Before-submission items, screening answers only, not CV defects:

  - Temporary or on-demand availability. Dossier silent. Note already prints "Lucas confirma antes de enviar". LUCAS
    CONFIRMATION, not a mismatch.
  - PJ rate, start date or notice. Not recorded. Lucas answers.
 
  Ranked non-blocking defects:

  1. Posting-derived tokens not recorded in the dossier at the employer where they sit: Nest.js, docker-compose, Git
     at Luizalabs; Agile (Scrum e Kanban) at Lippaus. Allowed by match policy. Lucas can veto; a veto needs the
     Maestro to reclassify the token, since each is manifest-required.
  2. React bullet is 5th and AI bullet 6th in DexCare. Reorder only. Optional.
  3. Application note: three screening answers go past the dossier (Node.js na Lippaus, TypeScript ... na Luizalabs e
     na Lippaus, Git em todos os empregadores). Not on the CV. Lucas confirms before typing. The note contains no
     false submission statement.
  4. Two spellings on one CV: Datadog in Skills, DataDog RUM in the bullet. Cosmetic.
  5. Summary lacks Full Stack and mobile wording. Optional Architect edit, no title touched.
  6. D4 and E2 carry no outcome. Inherited from base, leave as is.
     
  One stated judgement call: React occurs 5 times counting React Native, 3 standalone. No stuffing penalty applied.
  Strict counting would give 79 and the fix would be to drop React from the Resumo only.

✻ Churned for 4m 19s · done 6:34 PM

─────────────────────────────────────────────────────────────────────────────────────────────────────────────────────
❯ 
─────────────────────────────────────────────────────────────────────────────────────────────────────────────────────
  Fable 5.1 · lucasqueiroz · ctx 13% · cache 87% · [█░░░░░░░░░] 131.8k/1.0M · effort high                       /rc
  ⏵⏵ auto mode on (shift+tab to cycle) · ← 10 agents
