
  Thought for 7s, ran 1 shell command 

⏺ CV checks pass. Now the application note, the report, and the sentinel.

  Thought for 10s, ran 1 shell command 

⏺ Done. Report path: /Users/lucasqueiroz/career/state/mfs-react-developer-quill.report.md

  Deliverables:
  - resumes/hunts/2026-09-04-g/mfs-react-developer/Lucas-Queiroz-Resume-es.tex and .pdf
  - resumes/hunts/2026-09-04-g/mfs-react-developer/application-note.md
  - state/mfs-react-developer-quill.report.md
  - state/mfs-react-developer-quill.complete.json, written and verified by worker_sentinel.py

  Result summary:
  - Built from base-en.tex. Body translated to Spanish. Headings Resumen, Habilidades, Idiomas, Experiencia,
    Educación. Titles, dates, employers, and contact block literal.
  - Build exit 0. Two pages. Break falls before the Lippaus entry-level block. No block splits.
  - 16 of 16 bullets kept. All 7 metrics kept. Spanish babel added a space before %. I overrode \% so metrics extract
    as 15%.
  - All 16 required tokens are in Habilidades and in one Experience bullet. Unit Testing placed. MoQ, NUnit, .NET not
    claimed. Zero Ruby, Rails, UTC, GMT, code review tokens on the CV.
  - Caps held at 3: React, JavaScript, TypeScript, Node.js, PostgreSQL, AWS, Go, BullMQ.

  Judgment calls for the Maestro, all flagged in the note for Lucas to confirm or veto:
  - Posting-derived tokens without a dossier fact: Next.js, Node.js 18, Babel, Webpack, NPM, HTML, CSS, Git, Agile.
    Next.js is the weakest.
  - Design patterns: no claim on the CV. The note suggests three patterns mapped to dossier facts for Lucas to answer
    himself.
  - Spanish level, salary expectation in USD, availability, and contract type are not recorded. Marked as unknown in
    the note.

  Not graded. Not submitted. No base edit, no delegation, no outward action.

✻ Baked for 4m 44s · done 6:27 PM

─────────────────────────────────────────────────────────────────────────────────────────────────────────────────────
❯ 
─────────────────────────────────────────────────────────────────────────────────────────────────────────────────────
  Fable 5.1 · lucasqueiroz · ctx 12% · cache 93% · [█░░░░░░░░░] 119.5k/1.0M · effort medium                     /rc
  ⏵⏵ bypass permissions on (shift+tab to cycle) · ← 10 agents
