  Copy: /Users/lucasqueiroz/career/reports/p7-group-fullstack-gate.md
  Sentinel: /Users/lucasqueiroz/career/state/p7-group-fullstack-sieve.complete.json (task-id
  p7-group-fullstack-sieve, status complete, verified).

  Verdict: READY. No blocking defect.

  Summary of the grading:

  - File Readability: 8 of 8 PASS on my own raw extraction of the tailored PDF. Each row cites the deterministic gate
    check and the base sieve evidence it matches.
  - Semantic truth: all four titles, dates, employers, and locations match the cached LinkedIn profile verbatim.
    Seven metrics unchanged and traced to the dossier. Tex diff against base-pt shows 12 reworded lines, 16 bullets
    kept, nothing removed.
  - Role Eligibility: PJ PASS (dossier), remote PASS, years, English, degree not stated. No FAIL row.
  - Resume Evidence: 87/100, PASS. All 9 required tokens in Skills and one Experience bullet. No token above 3 hits.
  - Recruiter Readability: 90/100.

  Before submission, not a CV defect: full-time availability. The posting states Atuação full-time. The dossier
  records contract types but not availability. The application note already prints that Lucas confirms this before
  sending. Classified as LUCAS CONFIRMATION, not ROLE MISMATCH, not CV FIX.

  Non-blocking defects, ranked:

  1. contexto RAG sobre regras compartilhadas in the DexCare AI bullet and the note. The dossier records shared-rule
     agent environments, not RAG. Lucas decision. Removing RAG from Experience would fail the manifest as written, so
     the Maestro would need to reclassify it.
  2. NestJS at Luizalabs and webhooks at Lippaus are not named in the dossier or LinkedIn cache. Both are allowed by
     the match policy. Recorded for Lucas's visibility.
  3. Posting title phrase Desenvolvedor Full Stack absent from the Summary. Optional wording change, titles
     untouched. 
  4. AI bullet sits 6th in DexCare. Optional reorder.
     
  Application note inspected: draft status, no false submission claim, every personal claim traced to the dossier,
  unknowns printed as unknown.

✻ Cogitated for 5m 8s · done 6:29 PM

─────────────────────────────────────────────────────────────────────────────────────────────────────────────────────
❯ 
─────────────────────────────────────────────────────────────────────────────────────────────────────────────────────
  Fable 5.1 · lucasqueiroz · ctx 14% · cache 88% · [█░░░░░░░░░] 135.8k/1.0M · effort high                       /rc
  ⏵⏵ auto mode on (shift+tab to cycle) · ← 10 agents
